[volatixai.app/message.html]
[cdn.jsdelivr.net/npm/bootstrap@5.3.2/dist/css/bootstrap.min.css]
[cdn.jsdelivr.net/npm/slick-carousel@1.8.1/slick/slick.css]
[volatixai.app/assets/css/style.css]
[volatixai.app/assets/css/responsive.css]
[cdnjs.cloudflare.com/ajax/libs/animate.css/3.1.0/animate.min.css]
[volatixai.app/assets/images/icon.jpg]
[backblue.gif]
[fade.gif]
[index.html]
[volatixai.app/assets/images/volatix.png]
[volatixai.app/assets/images/menu.png]
[code.jquery.com/jquery-3.7.1.js]
[volatixai.app/index.html]
[cdn.jsdelivr.net/npm/bootstrap@5.3.2/dist/js/bootstrap.bundle.min.js]
[volatixai.app/assets/js/jquery.min.js]
[volatixai.app/assets/js/appear.min.js]
[cdn.jsdelivr.net/npm/slick-carousel@1.8.1/slick/slick.min.js]
[volatixai.app/assets/js/main.js]
[cdn.jsdelivr.net/particles.js/2.0.0/particles.min.js]
[volatixai.app/assets/js/custom-partical-js.js]
[volatixai.app/message.html]
[cdn.jsdelivr.net/npm/bootstrap@5.3.2/dist/css/bootstrap.min.css]
[cdn.jsdelivr.net/npm/slick-carousel@1.8.1/slick/slick.css]
[volatixai.app/assets/css/style.css]
[volatixai.app/assets/css/responsive.css]
[cdnjs.cloudflare.com/ajax/libs/animate.css/3.1.0/animate.min.css]
[volatixai.app/cdn-cgi/challenge-platform/scripts/jsd/main.js]
[volatixai.app/assets/images/brand-logo1.png]
[volatixai.app/assets/images/brand-logo2.png]
[volatixai.app/assets/images/brand-logo3.png]
[volatixai.app/assets/images/brand-logo4.png]
[volatixai.app/assets/images/brand-logo5.png]
[volatixai.app/assets/images/brand-logo6.png]
[volatixai.app/assets/images/brand-logo7.png]
[volatixai.app/assets/images/monitor-img.png]
[volatixai.app/assets/images/mobile-tab2-img.png]
[volatixai.app/assets/images/mobile-tab3-img.png]
[styles.redditmedia.com/t5_5bevfw/styles/communityIcon_hzwwd1hdtuy71.png]
[volatixai.app/index.html]
